2026-10-05 09:25:13.132: [INFO] CurrentProfilePath: C:\Users\sivabalan\eclipse-workspace\.metadata\.plugins\org.eclipse.swt\EBWebView\Default
2026-10-05 09:25:13.132: [INFO] Profiles total count: 1
2026-10-05 09:25:13.132: [INFO] Profile: name=Profile 1 path=C:\Users\sivabalan\eclipse-workspace\.metadata\.plugins\org.eclipse.swt\EBWebView\Default lastActive=null
2026-10-05 09:25:13.132: [INFO] LastUsedProfileDir: C:\Users\sivabalan\eclipse-workspace\.metadata\.plugins\org.eclipse.swt\EBWebView\Default
2026-10-05 09:25:13.132: [INFO] OnDoneLoading sync enabled: 0
2026-10-05 09:25:13.132: [INFO] BookmarkModelLoaded, ids_reassigned: 0
2026-10-05 09:25:13.132: [INFO] BookmarksLoadDropped droppedNodes=0
2026-10-05 09:25:13.132: [INFO] BookmarksSnapshot Startup total=0 bar=0 other=0 mobile=0 showBar=0 showBarNTP=1
2026-10-05 09:25:25.606: [INFO] BookmarksSnapshot Shutdown total=0 bar=0 other=0 mobile=0 showBar=0 showBarNTP=1
2026-10-05 09:25:26.896: [INFO] CurrentProfilePath: C:\Users\sivabalan\eclipse-workspace\.metadata\.plugins\org.eclipse.swt\EBWebView\Default
2026-10-05 09:25:26.896: [INFO] Profiles total count: 1
2026-10-05 09:25:26.896: [INFO] Profile: name=Profile 1 path=C:\Users\sivabalan\eclipse-workspace\.metadata\.plugins\org.eclipse.swt\EBWebView\Default lastActive=2026-10-05T09:25:13.323Z
2026-10-05 09:25:26.896: [INFO] LastUsedProfileDir: C:\Users\sivabalan\eclipse-workspace\.metadata\.plugins\org.eclipse.swt\EBWebView\Default
2026-10-05 09:25:26.896: [INFO] MostRecentlyActiveProfile: name=Profile 1 path=C:\Users\sivabalan\eclipse-workspace\.metadata\.plugins\org.eclipse.swt\EBWebView\Default lastActive=2026-10-05T09:25:13.323Z
2026-10-05 09:25:26.896: [INFO] OnDoneLoading sync enabled: 0
2026-10-05 09:25:26.896: [INFO] BookmarkModelLoaded, ids_reassigned: 0
2026-10-05 09:25:26.896: [INFO] BookmarksLoadDropped droppedNodes=0
2026-10-05 09:25:26.896: [INFO] BookmarksSnapshot Startup total=0 bar=0 other=0 mobile=0 showBar=0 showBarNTP=1
2026-10-05 12:36:49.147: [INFO] BookmarksSnapshot Shutdown total=0 bar=0 other=0 mobile=0 showBar=0 showBarNTP=1
2026-10-05 12:37:26.868: [INFO] CurrentProfilePath: C:\Users\sivabalan\eclipse-workspace\.metadata\.plugins\org.eclipse.swt\EBWebView\Default
2026-10-05 12:37:26.868: [INFO] Profiles total count: 1
2026-10-05 12:37:26.868: [INFO] Profile: name=Profile 1 path=C:\Users\sivabalan\eclipse-workspace\.metadata\.plugins\org.eclipse.swt\EBWebView\Default lastActive=2026-10-05T10:12:55.962Z
2026-10-05 12:37:26.868: [INFO] LastUsedProfileDir: C:\Users\sivabalan\eclipse-workspace\.metadata\.plugins\org.eclipse.swt\EBWebView\Default
2026-10-05 12:37:26.868: [INFO] MostRecentlyActiveProfile: name=Profile 1 path=C:\Users\sivabalan\eclipse-workspace\.metadata\.plugins\org.eclipse.swt\EBWebView\Default lastActive=2026-10-05T10:12:55.962Z
2026-10-05 12:37:26.868: [INFO] OnDoneLoading sync enabled: 0
2026-10-05 12:37:26.868: [INFO] BookmarkModelLoaded, ids_reassigned: 0
2026-10-05 12:37:26.868: [INFO] BookmarksLoadDropped droppedNodes=0
2026-10-05 12:37:26.868: [INFO] BookmarksSnapshot Startup total=0 bar=0 other=0 mobile=0 showBar=0 showBarNTP=1
2026-10-05 12:57:46.436: [INFO] BookmarksSnapshot Shutdown total=0 bar=0 other=0 mobile=0 showBar=0 showBarNTP=1
2026-10-05 12:58:12.713: [INFO] CurrentProfilePath: C:\Users\sivabalan\eclipse-workspace\.metadata\.plugins\org.eclipse.swt\EBWebView\Default
2026-10-05 12:58:12.713: [INFO] Profiles total count: 1
2026-10-05 12:58:12.713: [INFO] Profile: name=Profile 1 path=C:\Users\sivabalan\eclipse-workspace\.metadata\.plugins\org.eclipse.swt\EBWebView\Default lastActive=2026-10-05T12:38:17.732Z
2026-10-05 12:58:12.713: [INFO] LastUsedProfileDir: C:\Users\sivabalan\eclipse-workspace\.metadata\.plugins\org.eclipse.swt\EBWebView\Default
2026-10-05 12:58:12.713: [INFO] MostRecentlyActiveProfile: name=Profile 1 path=C:\Users\sivabalan\eclipse-workspace\.metadata\.plugins\org.eclipse.swt\EBWebView\Default lastActive=2026-10-05T12:38:17.732Z
2026-10-05 12:58:12.713: [INFO] OnDoneLoading sync enabled: 0
2026-10-05 12:58:12.713: [INFO] BookmarkModelLoaded, ids_reassigned: 0
2026-10-05 12:58:12.713: [INFO] BookmarksLoadDropped droppedNodes=0
2026-10-05 12:58:12.713: [INFO] BookmarksSnapshot Startup total=0 bar=0 other=0 mobile=0 showBar=0 showBarNTP=1
2026-10-05 13:09:40.608: [INFO] BookmarksSnapshot Shutdown total=0 bar=0 other=0 mobile=0 showBar=0 showBarNTP=1
2026-10-05 13:10:13.591: [INFO] CurrentProfilePath: C:\Users\sivabalan\eclipse-workspace\.metadata\.plugins\org.eclipse.swt\EBWebView\Default
2026-10-05 13:10:13.591: [INFO] Profiles total count: 1
2026-10-05 13:10:13.591: [INFO] Profile: name=Profile 1 path=C:\Users\sivabalan\eclipse-workspace\.metadata\.plugins\org.eclipse.swt\EBWebView\Default lastActive=2026-10-05T13:09:39.940Z
2026-10-05 13:10:13.591: [INFO] LastUsedProfileDir: C:\Users\sivabalan\eclipse-workspace\.metadata\.plugins\org.eclipse.swt\EBWebView\Default
2026-10-05 13:10:13.591: [INFO] MostRecentlyActiveProfile: name=Profile 1 path=C:\Users\sivabalan\eclipse-workspace\.metadata\.plugins\org.eclipse.swt\EBWebView\Default lastActive=2026-10-05T13:09:39.940Z
2026-10-05 13:10:13.591: [INFO] OnDoneLoading sync enabled: 0
2026-10-05 13:10:13.591: [INFO] BookmarkModelLoaded, ids_reassigned: 0
2026-10-05 13:10:13.591: [INFO] BookmarksLoadDropped droppedNodes=0
2026-10-05 13:10:13.591: [INFO] BookmarksSnapshot Startup total=0 bar=0 other=0 mobile=0 showBar=0 showBarNTP=1
2026-10-06 07:26:41.162: [INFO] BookmarksSnapshot Shutdown total=0 bar=0 other=0 mobile=0 showBar=0 showBarNTP=1
2026-10-06 07:27:20.357: [INFO] CurrentProfilePath: C:\Users\sivabalan\eclipse-workspace\.metadata\.plugins\org.eclipse.swt\EBWebView\Default
2026-10-06 07:27:20.357: [INFO] Profiles total count: 1
2026-10-06 07:27:20.357: [INFO] Profile: name=Profile 1 path=C:\Users\sivabalan\eclipse-workspace\.metadata\.plugins\org.eclipse.swt\EBWebView\Default lastActive=2026-10-06T07:18:34.413Z
2026-10-06 07:27:20.357: [INFO] LastUsedProfileDir: C:\Users\sivabalan\eclipse-workspace\.metadata\.plugins\org.eclipse.swt\EBWebView\Default
2026-10-06 07:27:20.357: [INFO] MostRecentlyActiveProfile: name=Profile 1 path=C:\Users\sivabalan\eclipse-workspace\.metadata\.plugins\org.eclipse.swt\EBWebView\Default lastActive=2026-10-06T07:18:34.413Z
2026-10-06 07:27:20.357: [INFO] OnDoneLoading sync enabled: 0
2026-10-06 07:27:20.357: [INFO] BookmarkModelLoaded, ids_reassigned: 0
2026-10-06 07:27:20.357: [INFO] BookmarksLoadDropped droppedNodes=0
2026-10-06 07:27:20.357: [INFO] BookmarksSnapshot Startup total=0 bar=0 other=0 mobile=0 showBar=0 showBarNTP=1
2026-10-06 08:50:55.720: [INFO] BookmarksSnapshot Shutdown total=0 bar=0 other=0 mobile=0 showBar=0 showBarNTP=1
2026-10-06 09:11:21.316: [INFO] CurrentProfilePath: C:\Users\sivabalan\eclipse-workspace\.metadata\.plugins\org.eclipse.swt\EBWebView\Default
2026-10-06 09:11:21.316: [INFO] Profiles total count: 1
2026-10-06 09:11:21.318: [INFO] Profile: name=Profile 1 path=C:\Users\sivabalan\eclipse-workspace\.metadata\.plugins\org.eclipse.swt\EBWebView\Default lastActive=2026-10-06T07:29:43.295Z
2026-10-06 09:11:21.318: [INFO] LastUsedProfileDir: C:\Users\sivabalan\eclipse-workspace\.metadata\.plugins\org.eclipse.swt\EBWebView\Default
2026-10-06 09:11:21.318: [INFO] MostRecentlyActiveProfile: name=Profile 1 path=C:\Users\sivabalan\eclipse-workspace\.metadata\.plugins\org.eclipse.swt\EBWebView\Default lastActive=2026-10-06T07:29:43.295Z
2026-10-06 09:11:21.318: [INFO] OnDoneLoading sync enabled: 0
2026-10-06 09:11:21.318: [INFO] BookmarkModelLoaded, ids_reassigned: 0
2026-10-06 09:11:21.318: [INFO] BookmarksLoadDropped droppedNodes=0
2026-10-06 09:11:21.318: [INFO] BookmarksSnapshot Startup total=0 bar=0 other=0 mobile=0 showBar=0 showBarNTP=1
2026-10-06 11:27:54.288: [INFO] BookmarksSnapshot Shutdown total=0 bar=0 other=0 mobile=0 showBar=0 showBarNTP=1
